../Drivers/CMSIS/Include/core_cm7.h:2606:26:ITM_SendChar	16	static,ignoring_inline_asm
../Core/Src/main.c:105:5:_write	32	static
../Core/Src/main.c:116:6:HAL_ADC_ConvCpltCallback	16	static
../Core/Src/main.c:159:5:main	8	static
../Core/Src/main.c:229:6:SystemClock_Config	88	static
../Core/Src/main.c:287:13:MX_ADC1_Init	24	static
../Core/Src/main.c:366:13:MX_ETH_Init	8	static
../Core/Src/main.c:415:13:MX_USART3_UART_Init	8	static
../Core/Src/main.c:450:13:MX_USB_OTG_FS_PCD_Init	8	static
../Core/Src/main.c:483:13:MX_DMA_Init	16	static
../Core/Src/main.c:501:13:MX_GPIO_Init	56	static
../Core/Src/main.c:559:6:Error_Handler	4	static,ignoring_inline_asm
